check: build
command: dotnet build .\WrathCombo\WrathCombo.csproj -c Release
exit_code: 0
duration_seconds: 9.64

STDOUT
------
  Determining projects to restore...
  All projects are up-to-date for restore.
  ECommons -> C:\Users\kruil\Documents\Projects\ParseLord5\ECommons\ECommons\bin\Release\ECommons.dll
  WrathCombo.API -> C:\Users\kruil\Documents\Projects\ParseLord5\WrathCombo.API\bin\Release\WrathCombo.API.dll
  PunishLib -> C:\Users\kruil\Documents\Projects\ParseLord5\PunishLib\PunishLib\bin\Release\PunishLib.dll
C:\Users\kruil\Documents\Projects\ParseLord5\WrathCombo\Attributes\SettingAttributes.cs(84,21): warning CS8618: Non-nullable property 'Name' must contain a non-null value when exiting constructor. Consider adding the 'required' modifier or declaring the property as nullable. [C:\Users\kruil\Documents\Projects\ParseLord5\WrathCombo\WrathCombo.csproj]
C:\Users\kruil\Documents\Projects\ParseLord5\WrathCombo\Attributes\SettingAttributes.cs(85,21): warning CS8618: Non-nullable property 'HelpMark' must contain a non-null value when exiting constructor. Consider adding the 'required' modifier or declaring the property as nullable. [C:\Users\kruil\Documents\Projects\ParseLord5\WrathCombo\WrathCombo.csproj]
C:\Users\kruil\Documents\Projects\ParseLord5\WrathCombo\Attributes\SettingAttributes.cs(86,21): warning CS8618: Non-nullable property 'RecommendedValue' must contain a non-null value when exiting constructor. Consider adding the 'required' modifier or declaring the property as nullable. [C:\Users\kruil\Documents\Projects\ParseLord5\WrathCombo\WrathCombo.csproj]
C:\Users\kruil\Documents\Projects\ParseLord5\WrathCombo\Attributes\SettingAttributes.cs(87,21): warning CS8618: Non-nullable property 'DefaultValue' must contain a non-null value when exiting constructor. Consider adding the 'required' modifier or declaring the property as nullable. [C:\Users\kruil\Documents\Projects\ParseLord5\WrathCombo\WrathCombo.csproj]
C:\Users\kruil\Documents\Projects\ParseLord5\WrathCombo\AutoRotation\AutoRotationController.cs(76,14): warning CS0219: The variable 'raidwideWarningFound' is assigned but its value is never used [C:\Users\kruil\Documents\Projects\ParseLord5\WrathCombo\WrathCombo.csproj]
C:\Users\kruil\Documents\Projects\ParseLord5\WrathCombo\Services\IPC\Helper.cs(82,32): warning CS0219: The variable 'lower' is assigned but its value is never used [C:\Users\kruil\Documents\Projects\ParseLord5\WrathCombo\WrathCombo.csproj]
C:\Users\kruil\Documents\Projects\ParseLord5\WrathCombo\Window\Functions\Setting.cs(21,12): warning CS8618: Non-nullable field 'CategoryName' must contain a non-null value when exiting constructor. Consider adding the 'required' modifier or declaring the field as nullable. [C:\Users\kruil\Documents\Projects\ParseLord5\WrathCombo\WrathCombo.csproj]
C:\Users\kruil\Documents\Projects\ParseLord5\WrathCombo\AutoRotation\AutoRotationController.cs(51,23): warning CS0649: Field 'AutoRotationController.UnpauseSeconds' is never assigned to, and will always have its default value 0 [C:\Users\kruil\Documents\Projects\ParseLord5\WrathCombo\WrathCombo.csproj]
  WrathCombo -> C:\Users\kruil\Documents\Projects\ParseLord5\WrathCombo\bin\Release\ParseLord5.dll

Build succeeded.

C:\Users\kruil\Documents\Projects\ParseLord5\WrathCombo\Attributes\SettingAttributes.cs(84,21): warning CS8618: Non-nullable property 'Name' must contain a non-null value when exiting constructor. Consider adding the 'required' modifier or declaring the property as nullable. [C:\Users\kruil\Documents\Projects\ParseLord5\WrathCombo\WrathCombo.csproj]
C:\Users\kruil\Documents\Projects\ParseLord5\WrathCombo\Attributes\SettingAttributes.cs(85,21): warning CS8618: Non-nullable property 'HelpMark' must contain a non-null value when exiting constructor. Consider adding the 'required' modifier or declaring the property as nullable. [C:\Users\kruil\Documents\Projects\ParseLord5\WrathCombo\WrathCombo.csproj]
C:\Users\kruil\Documents\Projects\ParseLord5\WrathCombo\Attributes\SettingAttributes.cs(86,21): warning CS8618: Non-nullable property 'RecommendedValue' must contain a non-null value when exiting constructor. Consider adding the 'required' modifier or declaring the property as nullable. [C:\Users\kruil\Documents\Projects\ParseLord5\WrathCombo\WrathCombo.csproj]
C:\Users\kruil\Documents\Projects\ParseLord5\WrathCombo\Attributes\SettingAttributes.cs(87,21): warning CS8618: Non-nullable property 'DefaultValue' must contain a non-null value when exiting constructor. Consider adding the 'required' modifier or declaring the property as nullable. [C:\Users\kruil\Documents\Projects\ParseLord5\WrathCombo\WrathCombo.csproj]
C:\Users\kruil\Documents\Projects\ParseLord5\WrathCombo\AutoRotation\AutoRotationController.cs(76,14): warning CS0219: The variable 'raidwideWarningFound' is assigned but its value is never used [C:\Users\kruil\Documents\Projects\ParseLord5\WrathCombo\WrathCombo.csproj]
C:\Users\kruil\Documents\Projects\ParseLord5\WrathCombo\Services\IPC\Helper.cs(82,32): warning CS0219: The variable 'lower' is assigned but its value is never used [C:\Users\kruil\Documents\Projects\ParseLord5\WrathCombo\WrathCombo.csproj]
C:\Users\kruil\Documents\Projects\ParseLord5\WrathCombo\Window\Functions\Setting.cs(21,12): warning CS8618: Non-nullable field 'CategoryName' must contain a non-null value when exiting constructor. Consider adding the 'required' modifier or declaring the field as nullable. [C:\Users\kruil\Documents\Projects\ParseLord5\WrathCombo\WrathCombo.csproj]
C:\Users\kruil\Documents\Projects\ParseLord5\WrathCombo\AutoRotation\AutoRotationController.cs(51,23): warning CS0649: Field 'AutoRotationController.UnpauseSeconds' is never assigned to, and will always have its default value 0 [C:\Users\kruil\Documents\Projects\ParseLord5\WrathCombo\WrathCombo.csproj]
    8 Warning(s)
    0 Error(s)

Time Elapsed 00:00:09.23


STDERR
------

